// Jest Snapshot v1, https://goo.gl/fbAQLP

exports[`match snapshot 1`] = `
<div
  className="card  my-10"
>
  <div
    className="container py-5"
  >
    <h1>
      laboris proident, velit
    </h1>
    <p
      className="my-5"
    >
      proident, deserunt dolore cupidatat ullamco
    </p>
  </div>
  <span
    className="pl-9 py-3"
  >
    Use Template
  </span>
</div>
`;
